Archive member included because of file (symbol)

/usr/lib64/gcc/avr/4.5.3/avr25/libgcc.a(_mulhi3.o)
                              ds18x20.o (__mulhi3)
/usr/lib64/gcc/avr/4.5.3/avr25/libgcc.a(_divmodhi4.o)
                              ds18x20.o (__divmodhi4)
/usr/lib64/gcc/avr/4.5.3/avr25/libgcc.a(_exit.o)
                              /usr/lib64/gcc/avr/4.5.3/../../../../avr/lib/avr25/crttn24.o (exit)
/usr/lib64/gcc/avr/4.5.3/avr25/libgcc.a(_copy_data.o)
                              maker.o (__do_copy_data)
/usr/lib64/gcc/avr/4.5.3/avr25/libgcc.a(_clear_bss.o)
                              maker.o (__do_clear_bss)
/usr/lib64/gcc/avr/4.5.3/avr25/libgcc.a(_udivmodhi4.o)
                              /usr/lib64/gcc/avr/4.5.3/avr25/libgcc.a(_divmodhi4.o) (__udivmodhi4)

Allocating common symbols
Common symbol       size              file

OW_OUT              0x2               onewire.o
tempsensor          0x2               maker.o
OW_PIN_MASK         0x1               onewire.o
OW_IN               0x2               onewire.o
sysstate            0x1               maker.o
OW_DDR              0x2               onewire.o
gSensorIDs          0x8               maker.o

Memory Configuration

Name             Origin             Length             Attributes
text             0x0000000000000000 0x0000000000002000 xr
data             0x0000000000800060 0x000000000000ffa0 rw !x
eeprom           0x0000000000810000 0x0000000000010000 rw !x
*default*        0x0000000000000000 0xffffffffffffffff

Linker script and memory map

LOAD /usr/lib64/gcc/avr/4.5.3/../../../../avr/lib/avr25/crttn24.o
LOAD maker.o
LOAD ds18x20.o
LOAD onewire.o
LOAD delay.o
LOAD crc8.o
LOAD /usr/lib64/gcc/avr/4.5.3/avr25/libgcc.a
LOAD /usr/lib64/gcc/avr/4.5.3/../../../../avr/lib/avr25/libc.a
LOAD /usr/lib64/gcc/avr/4.5.3/avr25/libgcc.a

.hash
 *(.hash)

.dynsym
 *(.dynsym)

.dynstr
 *(.dynstr)

.gnu.version
 *(.gnu.version)

.gnu.version_d
 *(.gnu.version_d)

.gnu.version_r
 *(.gnu.version_r)

.rel.init
 *(.rel.init)

.rela.init
 *(.rela.init)

.rel.text
 *(.rel.text)
 *(.rel.text.*)
 *(.rel.gnu.linkonce.t*)

.rela.text
 *(.rela.text)
 *(.rela.text.*)
 *(.rela.gnu.linkonce.t*)

.rel.fini
 *(.rel.fini)

.rela.fini
 *(.rela.fini)

.rel.rodata
 *(.rel.rodata)
 *(.rel.rodata.*)
 *(.rel.gnu.linkonce.r*)

.rela.rodata
 *(.rela.rodata)
 *(.rela.rodata.*)
 *(.rela.gnu.linkonce.r*)

.rel.data
 *(.rel.data)
 *(.rel.data.*)
 *(.rel.gnu.linkonce.d*)

.rela.data
 *(.rela.data)
 *(.rela.data.*)
 *(.rela.gnu.linkonce.d*)

.rel.ctors
 *(.rel.ctors)

.rela.ctors
 *(.rela.ctors)

.rel.dtors
 *(.rel.dtors)

.rela.dtors
 *(.rela.dtors)

.rel.got
 *(.rel.got)

.rela.got
 *(.rela.got)

.rel.bss
 *(.rel.bss)

.rela.bss
 *(.rela.bss)

.rel.plt
 *(.rel.plt)

.rela.plt
 *(.rela.plt)

.text           0x0000000000000000      0x7da
 *(.vectors)
 .vectors       0x0000000000000000       0x22 /usr/lib64/gcc/avr/4.5.3/../../../../avr/lib/avr25/crttn24.o
                0x0000000000000000                __vectors
                0x0000000000000000                __vector_default
 *(.vectors)
 *(.progmem.gcc*)
 *(.progmem*)
                0x0000000000000022                . = ALIGN (0x2)
                0x0000000000000022                __trampolines_start = .
 *(.trampolines)
 .trampolines   0x0000000000000022        0x0 linker stubs
 *(.trampolines*)
                0x0000000000000022                __trampolines_end = .
 *(.jumptables)
 *(.jumptables*)
 *(.lowtext)
 *(.lowtext*)
                0x0000000000000022                __ctors_start = .
 *(.ctors)
                0x0000000000000022                __ctors_end = .
                0x0000000000000022                __dtors_start = .
 *(.dtors)
                0x0000000000000022                __dtors_end = .
 SORT(*)(.ctors)
 SORT(*)(.dtors)
 *(.init0)
 .init0         0x0000000000000022        0x0 /usr/lib64/gcc/avr/4.5.3/../../../../avr/lib/avr25/crttn24.o
                0x0000000000000022                __init
 *(.init0)
 *(.init1)
 *(.init1)
 *(.init2)
 .init2         0x0000000000000022        0x8 /usr/lib64/gcc/avr/4.5.3/../../../../avr/lib/avr25/crttn24.o
 *(.init2)
 *(.init3)
 *(.init3)
 *(.init4)
 .init4         0x000000000000002a       0x16 /usr/lib64/gcc/avr/4.5.3/avr25/libgcc.a(_copy_data.o)
                0x000000000000002a                __do_copy_data
 .init4         0x0000000000000040       0x10 /usr/lib64/gcc/avr/4.5.3/avr25/libgcc.a(_clear_bss.o)
                0x0000000000000040                __do_clear_bss
 *(.init4)
 *(.init5)
 *(.init5)
 *(.init6)
 *(.init6)
 *(.init7)
 *(.init7)
 *(.init8)
 *(.init8)
 *(.init9)
 .init9         0x0000000000000050        0x4 /usr/lib64/gcc/avr/4.5.3/../../../../avr/lib/avr25/crttn24.o
 *(.init9)
 *(.text)
 .text          0x0000000000000054        0x2 /usr/lib64/gcc/avr/4.5.3/../../../../avr/lib/avr25/crttn24.o
                0x0000000000000054                __vector_1
                0x0000000000000054                __vector_12
                0x0000000000000054                __bad_interrupt
                0x0000000000000054                __vector_6
                0x0000000000000054                __vector_3
                0x0000000000000054                __vector_11
                0x0000000000000054                __vector_13
                0x0000000000000054                __vector_7
                0x0000000000000054                __vector_5
                0x0000000000000054                __vector_4
                0x0000000000000054                __vector_9
                0x0000000000000054                __vector_2
                0x0000000000000054                __vector_15
                0x0000000000000054                __vector_8
                0x0000000000000054                __vector_14
                0x0000000000000054                __vector_10
                0x0000000000000054                __vector_16
 .text          0x0000000000000056      0x1a8 maker.o
                0x0000000000000056                read_scan_one_channel
                0x000000000000009e                search_sensors
                0x00000000000000ec                start_scan_one_channel
                0x0000000000000124                main
 .text          0x00000000000001fe      0x28c ds18x20.o
                0x00000000000001fe                DS18X20_meas_to_cel
                0x000000000000029e                DS18X20_temp_to_decicel
                0x0000000000000314                DS18X20_temp_cmp
                0x000000000000033e                DS18X20_find_sensor
                0x0000000000000370                DS18X20_get_power_status
                0x0000000000000398                DS18X20_start_meas
                0x00000000000003c6                DS18X20_read_meas_single
 .text          0x000000000000048a      0x284 onewire.o
                0x0000000000000496                ow_input_pin_state
                0x00000000000004a8                ow_parasite_enable
                0x00000000000004ce                ow_parasite_disable
                0x00000000000004f8                ow_reset
                0x0000000000000580                ow_set_bus
                0x00000000000005ae                ow_bit_io
                0x0000000000000626                ow_byte_wr
                0x0000000000000646                ow_byte_rd
                0x000000000000064c                ow_rom_search
                0x00000000000006da                ow_command
 .text          0x000000000000070e       0x1a delay.o
                0x000000000000070e                delayloop32
 .text          0x0000000000000728       0x3c crc8.o
                0x0000000000000728                crc8
 .text          0x0000000000000764        0x0 /usr/lib64/gcc/avr/4.5.3/avr25/libgcc.a(_mulhi3.o)
 .text          0x0000000000000764        0x0 /usr/lib64/gcc/avr/4.5.3/avr25/libgcc.a(_divmodhi4.o)
 .text          0x0000000000000764        0x0 /usr/lib64/gcc/avr/4.5.3/avr25/libgcc.a(_exit.o)
 .text          0x0000000000000764        0x0 /usr/lib64/gcc/avr/4.5.3/avr25/libgcc.a(_copy_data.o)
 .text          0x0000000000000764        0x0 /usr/lib64/gcc/avr/4.5.3/avr25/libgcc.a(_clear_bss.o)
 .text          0x0000000000000764        0x0 /usr/lib64/gcc/avr/4.5.3/avr25/libgcc.a(_udivmodhi4.o)
                0x0000000000000764                . = ALIGN (0x2)
 *(.text.*)
 .text.libgcc   0x0000000000000764       0x24 /usr/lib64/gcc/avr/4.5.3/avr25/libgcc.a(_mulhi3.o)
                0x0000000000000764                __mulhi3
 .text.libgcc   0x0000000000000788       0x26 /usr/lib64/gcc/avr/4.5.3/avr25/libgcc.a(_divmodhi4.o)
                0x0000000000000788                __divmodhi4
                0x0000000000000788                _div
 .text.libgcc   0x00000000000007ae        0x0 /usr/lib64/gcc/avr/4.5.3/avr25/libgcc.a(_exit.o)
 .text.libgcc   0x00000000000007ae        0x0 /usr/lib64/gcc/avr/4.5.3/avr25/libgcc.a(_copy_data.o)
 .text.libgcc   0x00000000000007ae        0x0 /usr/lib64/gcc/avr/4.5.3/avr25/libgcc.a(_clear_bss.o)
 .text.libgcc   0x00000000000007ae       0x28 /usr/lib64/gcc/avr/4.5.3/avr25/libgcc.a(_udivmodhi4.o)
                0x00000000000007ae                __udivmodhi4
                0x00000000000007d6                . = ALIGN (0x2)
 *(.fini9)
 .fini9         0x00000000000007d6        0x0 /usr/lib64/gcc/avr/4.5.3/avr25/libgcc.a(_exit.o)
                0x00000000000007d6                exit
                0x00000000000007d6                _exit
 *(.fini9)
 *(.fini8)
 *(.fini8)
 *(.fini7)
 *(.fini7)
 *(.fini6)
 *(.fini6)
 *(.fini5)
 *(.fini5)
 *(.fini4)
 *(.fini4)
 *(.fini3)
 *(.fini3)
 *(.fini2)
 *(.fini2)
 *(.fini1)
 *(.fini1)
 *(.fini0)
 .fini0         0x00000000000007d6        0x4 /usr/lib64/gcc/avr/4.5.3/avr25/libgcc.a(_exit.o)
 *(.fini0)
                0x00000000000007da                _etext = .

.data           0x0000000000800060        0x8 load address 0x00000000000007da
                0x0000000000800060                PROVIDE (__data_start, .)
 *(.data)
 .data          0x0000000000800060        0x0 /usr/lib64/gcc/avr/4.5.3/../../../../avr/lib/avr25/crttn24.o
 .data          0x0000000000800060        0x0 maker.o
 .data          0x0000000000800060        0x8 ds18x20.o
 .data          0x0000000000800068        0x0 onewire.o
 .data          0x0000000000800068        0x0 delay.o
 .data          0x0000000000800068        0x0 crc8.o
 .data          0x0000000000800068        0x0 /usr/lib64/gcc/avr/4.5.3/avr25/libgcc.a(_mulhi3.o)
 .data          0x0000000000800068        0x0 /usr/lib64/gcc/avr/4.5.3/avr25/libgcc.a(_divmodhi4.o)
 .data          0x0000000000800068        0x0 /usr/lib64/gcc/avr/4.5.3/avr25/libgcc.a(_exit.o)
 .data          0x0000000000800068        0x0 /usr/lib64/gcc/avr/4.5.3/avr25/libgcc.a(_copy_data.o)
 .data          0x0000000000800068        0x0 /usr/lib64/gcc/avr/4.5.3/avr25/libgcc.a(_clear_bss.o)
 .data          0x0000000000800068        0x0 /usr/lib64/gcc/avr/4.5.3/avr25/libgcc.a(_udivmodhi4.o)
 *(.data*)
 *(.rodata)
 *(.rodata*)
 *(.gnu.linkonce.d*)
                0x0000000000800068                . = ALIGN (0x2)
                0x0000000000800068                _edata = .
                0x0000000000800068                PROVIDE (__data_end, .)

.bss            0x0000000000800068       0x12
                0x0000000000800068                PROVIDE (__bss_start, .)
 *(.bss)
 .bss           0x0000000000800068        0x0 /usr/lib64/gcc/avr/4.5.3/../../../../avr/lib/avr25/crttn24.o
 .bss           0x0000000000800068        0x0 maker.o
 .bss           0x0000000000800068        0x0 ds18x20.o
 .bss           0x0000000000800068        0x0 onewire.o
 .bss           0x0000000000800068        0x0 delay.o
 .bss           0x0000000000800068        0x0 crc8.o
 .bss           0x0000000000800068        0x0 /usr/lib64/gcc/avr/4.5.3/avr25/libgcc.a(_mulhi3.o)
 .bss           0x0000000000800068        0x0 /usr/lib64/gcc/avr/4.5.3/avr25/libgcc.a(_divmodhi4.o)
 .bss           0x0000000000800068        0x0 /usr/lib64/gcc/avr/4.5.3/avr25/libgcc.a(_exit.o)
 .bss           0x0000000000800068        0x0 /usr/lib64/gcc/avr/4.5.3/avr25/libgcc.a(_copy_data.o)
 .bss           0x0000000000800068        0x0 /usr/lib64/gcc/avr/4.5.3/avr25/libgcc.a(_clear_bss.o)
 .bss           0x0000000000800068        0x0 /usr/lib64/gcc/avr/4.5.3/avr25/libgcc.a(_udivmodhi4.o)
 *(.bss*)
 *(COMMON)
 COMMON         0x0000000000800068        0xb maker.o
                0x0000000000800068                tempsensor
                0x000000000080006a                sysstate
                0x000000000080006b                gSensorIDs
 COMMON         0x0000000000800073        0x7 onewire.o
                0x0000000000800073                OW_OUT
                0x0000000000800075                OW_PIN_MASK
                0x0000000000800076                OW_IN
                0x0000000000800078                OW_DDR
                0x000000000080007a                PROVIDE (__bss_end, .)
                0x00000000000007da                __data_load_start = LOADADDR (.data)
                0x00000000000007e2                __data_load_end = (__data_load_start + SIZEOF (.data))

.noinit         0x000000000080007a        0x0
                0x000000000080007a                PROVIDE (__noinit_start, .)
 *(.noinit*)
                0x000000000080007a                PROVIDE (__noinit_end, .)
                0x000000000080007a                _end = .
                0x000000000080007a                PROVIDE (__heap_start, .)

.eeprom         0x0000000000810000        0x0
 *(.eeprom*)
                0x0000000000810000                __eeprom_end = .

.stab           0x0000000000000000      0x6b4
 *(.stab)
 .stab          0x0000000000000000      0x6b4 /usr/lib64/gcc/avr/4.5.3/../../../../avr/lib/avr25/crttn24.o

.stabstr        0x0000000000000000       0x54
 *(.stabstr)
 .stabstr       0x0000000000000000       0x54 /usr/lib64/gcc/avr/4.5.3/../../../../avr/lib/avr25/crttn24.o

.stab.excl
 *(.stab.excl)

.stab.exclstr
 *(.stab.exclstr)

.stab.index
 *(.stab.index)

.stab.indexstr
 *(.stab.indexstr)

.comment
 *(.comment)

.debug
 *(.debug)

.line
 *(.line)

.debug_srcinfo
 *(.debug_srcinfo .zdebug_srcinfo)

.debug_sfnames
 *(.debug_sfnames .zdebug_sfnames)

.debug_aranges  0x0000000000000000       0xa0
 *(.debug_aranges .zdebug_aranges)
 .debug_aranges
                0x0000000000000000       0x20 maker.o
 .debug_aranges
                0x0000000000000020       0x20 ds18x20.o
 .debug_aranges
                0x0000000000000040       0x20 onewire.o
 .debug_aranges
                0x0000000000000060       0x20 delay.o
 .debug_aranges
                0x0000000000000080       0x20 crc8.o

.debug_pubnames
                0x0000000000000000      0x280
 *(.debug_pubnames .zdebug_pubnames)
 .debug_pubnames
                0x0000000000000000       0x8e maker.o
 .debug_pubnames
                0x000000000000008e       0xc4 ds18x20.o
 .debug_pubnames
                0x0000000000000152       0xf1 onewire.o
 .debug_pubnames
                0x0000000000000243       0x22 delay.o
 .debug_pubnames
                0x0000000000000265       0x1b crc8.o

.debug_info     0x0000000000000000      0xa54
 *(.debug_info .gnu.linkonce.wi.* .zdebug_info)
 .debug_info    0x0000000000000000      0x20b maker.o
 .debug_info    0x000000000000020b      0x36d ds18x20.o
 .debug_info    0x0000000000000578      0x34a onewire.o
 .debug_info    0x00000000000008c2       0x8e delay.o
 .debug_info    0x0000000000000950      0x104 crc8.o

.debug_abbrev   0x0000000000000000      0x3f8
 *(.debug_abbrev .zdebug_abbrev)
 .debug_abbrev  0x0000000000000000       0xe4 maker.o
 .debug_abbrev  0x00000000000000e4      0x10e ds18x20.o
 .debug_abbrev  0x00000000000001f2      0x116 onewire.o
 .debug_abbrev  0x0000000000000308       0x5b delay.o
 .debug_abbrev  0x0000000000000363       0x95 crc8.o

.debug_line     0x0000000000000000      0xa9c
 *(.debug_line .zdebug_line)
 .debug_line    0x0000000000000000      0x2be maker.o
 .debug_line    0x00000000000002be      0x2d6 ds18x20.o
 .debug_line    0x0000000000000594      0x377 onewire.o
 .debug_line    0x000000000000090b       0x84 delay.o
 .debug_line    0x000000000000098f      0x10d crc8.o

.debug_frame    0x0000000000000000      0x1d0
 *(.debug_frame .zdebug_frame)
 .debug_frame   0x0000000000000000       0x50 maker.o
 .debug_frame   0x0000000000000050       0x80 ds18x20.o
 .debug_frame   0x00000000000000d0       0xc0 onewire.o
 .debug_frame   0x0000000000000190       0x20 delay.o
 .debug_frame   0x00000000000001b0       0x20 crc8.o

.debug_str      0x0000000000000000      0x34a
 *(.debug_str .zdebug_str)
 .debug_str     0x0000000000000000      0x10c maker.o
                                        0x145 (size before relaxing)
 .debug_str     0x000000000000010c      0x103 ds18x20.o
                                        0x1dd (size before relaxing)
 .debug_str     0x000000000000020f       0xcc onewire.o
                                        0x18a (size before relaxing)
 .debug_str     0x00000000000002db       0x1a delay.o
                                         0xbd (size before relaxing)
 .debug_str     0x00000000000002f5       0x55 crc8.o
                                        0x100 (size before relaxing)

.debug_loc      0x0000000000000000      0x975
 *(.debug_loc .zdebug_loc)
 .debug_loc     0x0000000000000000       0xdb maker.o
 .debug_loc     0x00000000000000db      0x41d ds18x20.o
 .debug_loc     0x00000000000004f8      0x33f onewire.o
 .debug_loc     0x0000000000000837       0x1e delay.o
 .debug_loc     0x0000000000000855      0x120 crc8.o

.debug_macinfo
 *(.debug_macinfo .zdebug_macinfo)
OUTPUT(maker.elf elf32-avr)
LOAD linker stubs

.debug_pubtypes
                0x0000000000000000       0xef
 .debug_pubtypes
                0x0000000000000000       0x38 maker.o
 .debug_pubtypes
                0x0000000000000038       0x42 ds18x20.o
 .debug_pubtypes
                0x000000000000007a       0x2b onewire.o
 .debug_pubtypes
                0x00000000000000a5       0x1f delay.o
 .debug_pubtypes
                0x00000000000000c4       0x2b crc8.o
