Archive member included because of file (symbol)

c:/winavr-20070525rc2/bin/../lib/gcc/avr/4.1.2\libgcc.a(_mulhi3.o)
                              solar.o (__mulhi3)
c:/winavr-20070525rc2/bin/../lib/gcc/avr/4.1.2\libgcc.a(_exit.o)
                              c:/winavr-20070525rc2/bin/../lib/gcc/avr/4.1.2/../../../../avr/lib/crttn24.o (exit)
c:/winavr-20070525rc2/bin/../lib/gcc/avr/4.1.2\libgcc.a(_copy_data.o)
                              solar.o (__do_copy_data)
c:/winavr-20070525rc2/bin/../lib/gcc/avr/4.1.2\libgcc.a(_clear_bss.o)
                              solar.o (__do_clear_bss)
c:/winavr-20070525rc2/bin/../lib/gcc/avr/4.1.2/../../../../avr/lib\libc.a(ee_rb.1C1D1E.o)
                              solar.o (__eeprom_read_byte_1C1D1E)

Allocating common symbols
Common symbol       size              file

adc1_vbatt          0x2               solar.o
Xv                  0x1               solar.o
adcsequence         0x1               solar.o
Xp                  0x1               solar.o
adc2_isense         0x2               solar.o
adc3_vsolar         0x2               solar.o
powernew            0x2               solar.o
powerold            0x2               solar.o
sysstate            0x1               solar.o
ioffset             0x2               solar.o
uptime              0x2               solar.o
battstate           0x1               solar.o
subs                0x1               solar.o
adc3_vsolarold      0x2               solar.o
systimeout          0x2               solar.o
solarstate          0x1               solar.o
dcmax               0x1               solar.o

Discarded input sections

 .stabstr       0x00000000        0x0 c:/winavr-20070525rc2/bin/../lib/gcc/avr/4.1.2/../../../../avr/lib/crttn24.o

Memory Configuration

Name             Origin             Length             Attributes
text             0x00000000         0x00002000         xr
data             0x00800060         0x0000ffa0         rw !x
eeprom           0x00810000         0x00010000         rw !x
*default*        0x00000000         0xffffffff

Linker script and memory map

LOAD c:/winavr-20070525rc2/bin/../lib/gcc/avr/4.1.2/../../../../avr/lib/crttn24.o
LOAD solar.o
LOAD c:/winavr-20070525rc2/bin/../lib/gcc/avr/4.1.2\libgcc.a
LOAD c:/winavr-20070525rc2/bin/../lib/gcc/avr/4.1.2/../../../../avr/lib\libc.a
LOAD c:/winavr-20070525rc2/bin/../lib/gcc/avr/4.1.2\libgcc.a

.hash
 *(.hash)

.dynsym
 *(.dynsym)

.dynstr
 *(.dynstr)

.gnu.version
 *(.gnu.version)

.gnu.version_d
 *(.gnu.version_d)

.gnu.version_r
 *(.gnu.version_r)

.rel.init
 *(.rel.init)

.rela.init
 *(.rela.init)

.rel.text
 *(.rel.text)
 *(.rel.text.*)
 *(.rel.gnu.linkonce.t*)

.rela.text
 *(.rela.text)
 *(.rela.text.*)
 *(.rela.gnu.linkonce.t*)

.rel.fini
 *(.rel.fini)

.rela.fini
 *(.rela.fini)

.rel.rodata
 *(.rel.rodata)
 *(.rel.rodata.*)
 *(.rel.gnu.linkonce.r*)

.rela.rodata
 *(.rela.rodata)
 *(.rela.rodata.*)
 *(.rela.gnu.linkonce.r*)

.rel.data
 *(.rel.data)
 *(.rel.data.*)
 *(.rel.gnu.linkonce.d*)

.rela.data
 *(.rela.data)
 *(.rela.data.*)
 *(.rela.gnu.linkonce.d*)

.rel.ctors
 *(.rel.ctors)

.rela.ctors
 *(.rela.ctors)

.rel.dtors
 *(.rel.dtors)

.rela.dtors
 *(.rela.dtors)

.rel.got
 *(.rel.got)

.rela.got
 *(.rela.got)

.rel.bss
 *(.rel.bss)

.rela.bss
 *(.rela.bss)

.rel.plt
 *(.rel.plt)

.rela.plt
 *(.rela.plt)

.text           0x00000000      0x688
 *(.vectors)
 .vectors       0x00000000       0x22 c:/winavr-20070525rc2/bin/../lib/gcc/avr/4.1.2/../../../../avr/lib/crttn24.o
                0x00000000                __vectors
                0x00000000                __vector_default
 *(.vectors)
 *(.progmem.gcc*)
 *(.progmem*)
                0x00000022                . = ALIGN (0x2)
                0x00000022                __trampolines_start = .
 *(.trampolines)
 .trampolines   0x00000022        0x0 linker stubs
 *(.trampolines*)
                0x00000022                __trampolines_end = .
 *(.jumptables)
 *(.jumptables*)
 *(.lowtext)
 *(.lowtext*)
                0x00000022                __ctors_start = .
 *(.ctors)
                0x00000022                __ctors_end = .
                0x00000022                __dtors_start = .
 *(.dtors)
                0x00000022                __dtors_end = .
 SORT(*)(.ctors)
 SORT(*)(.dtors)
 *(.init0)
 .init0         0x00000022        0x0 c:/winavr-20070525rc2/bin/../lib/gcc/avr/4.1.2/../../../../avr/lib/crttn24.o
                0x00000022                __init
 *(.init0)
 *(.init1)
 *(.init1)
 *(.init2)
 .init2         0x00000022        0x8 c:/winavr-20070525rc2/bin/../lib/gcc/avr/4.1.2/../../../../avr/lib/crttn24.o
 *(.init2)
 *(.init3)
 *(.init3)
 *(.init4)
 .init4         0x0000002a       0x18 c:/winavr-20070525rc2/bin/../lib/gcc/avr/4.1.2\libgcc.a(_copy_data.o)
                0x0000002a                __do_copy_data
 .init4         0x00000042       0x10 c:/winavr-20070525rc2/bin/../lib/gcc/avr/4.1.2\libgcc.a(_clear_bss.o)
                0x00000042                __do_clear_bss
 *(.init4)
 *(.init5)
 *(.init5)
 *(.init6)
 *(.init6)
 *(.init7)
 *(.init7)
 *(.init8)
 *(.init8)
 *(.init9)
 .init9         0x00000052        0x4 c:/winavr-20070525rc2/bin/../lib/gcc/avr/4.1.2/../../../../avr/lib/crttn24.o
 *(.init9)
 *(.text)
 .text          0x00000056        0x2 c:/winavr-20070525rc2/bin/../lib/gcc/avr/4.1.2/../../../../avr/lib/crttn24.o
                0x00000056                __vector_1
                0x00000056                __vector_12
                0x00000056                __bad_interrupt
                0x00000056                __vector_3
                0x00000056                __vector_11
                0x00000056                __vector_7
                0x00000056                __vector_5
                0x00000056                __vector_4
                0x00000056                __vector_9
                0x00000056                __vector_2
                0x00000056                __vector_8
                0x00000056                __vector_14
                0x00000056                __vector_10
 .text          0x00000058      0x5fa solar.o
                0x000003f6                Flush_TWI_Buffers
                0x0000042e                USI_TWI_Transmit_Byte
                0x00000182                __vector_6
                0x000001c2                __vector_13
                0x00000450                USI_TWI_Receive_Byte
                0x000003ba                display_state
                0x00000492                main
                0x00000408                USI_TWI_Slave_Initialise
                0x00000390                timed_out
                0x00000058                __vector_15
                0x0000008e                __vector_16
                0x00000478                USI_TWI_Data_In_Receive_Buffer
 .text          0x00000652        0x0 c:/winavr-20070525rc2/bin/../lib/gcc/avr/4.1.2\libgcc.a(_mulhi3.o)
 .text          0x00000652        0x0 c:/winavr-20070525rc2/bin/../lib/gcc/avr/4.1.2\libgcc.a(_exit.o)
 .text          0x00000652        0x0 c:/winavr-20070525rc2/bin/../lib/gcc/avr/4.1.2\libgcc.a(_copy_data.o)
 .text          0x00000652        0x0 c:/winavr-20070525rc2/bin/../lib/gcc/avr/4.1.2\libgcc.a(_clear_bss.o)
 .text          0x00000652        0x0 c:/winavr-20070525rc2/bin/../lib/gcc/avr/4.1.2/../../../../avr/lib\libc.a(ee_rb.1C1D1E.o)
                0x00000652                . = ALIGN (0x2)
 *(.text.*)
 .text.libgcc   0x00000652       0x24 c:/winavr-20070525rc2/bin/../lib/gcc/avr/4.1.2\libgcc.a(_mulhi3.o)
                0x00000652                __mulhi3
 .text.libgcc   0x00000676        0x0 c:/winavr-20070525rc2/bin/../lib/gcc/avr/4.1.2\libgcc.a(_exit.o)
 .text.libgcc   0x00000676        0x0 c:/winavr-20070525rc2/bin/../lib/gcc/avr/4.1.2\libgcc.a(_copy_data.o)
 .text.libgcc   0x00000676        0x0 c:/winavr-20070525rc2/bin/../lib/gcc/avr/4.1.2\libgcc.a(_clear_bss.o)
 .text.eeprom   0x00000676       0x10 c:/winavr-20070525rc2/bin/../lib/gcc/avr/4.1.2/../../../../avr/lib\libc.a(ee_rb.1C1D1E.o)
                0x00000676                __eeprom_read_byte_1C1D1E
                0x00000686                . = ALIGN (0x2)
 *(.fini9)
 .fini9         0x00000686        0x0 c:/winavr-20070525rc2/bin/../lib/gcc/avr/4.1.2\libgcc.a(_exit.o)
                0x00000686                exit
                0x00000686                _exit
 *(.fini9)
 *(.fini8)
 *(.fini8)
 *(.fini7)
 *(.fini7)
 *(.fini6)
 *(.fini6)
 *(.fini5)
 *(.fini5)
 *(.fini4)
 *(.fini4)
 *(.fini3)
 *(.fini3)
 *(.fini2)
 *(.fini2)
 *(.fini1)
 *(.fini1)
 *(.fini0)
 .fini0         0x00000686        0x2 c:/winavr-20070525rc2/bin/../lib/gcc/avr/4.1.2\libgcc.a(_exit.o)
 *(.fini0)
                0x00000688                _etext = .

.data           0x00800060        0x0 load address 0x00000688
                0x00800060                PROVIDE (__data_start, .)
 *(.data)
 .data          0x00800060        0x0 c:/winavr-20070525rc2/bin/../lib/gcc/avr/4.1.2/../../../../avr/lib/crttn24.o
 .data          0x00800060        0x0 solar.o
 .data          0x00800060        0x0 c:/winavr-20070525rc2/bin/../lib/gcc/avr/4.1.2\libgcc.a(_mulhi3.o)
 .data          0x00800060        0x0 c:/winavr-20070525rc2/bin/../lib/gcc/avr/4.1.2\libgcc.a(_exit.o)
 .data          0x00800060        0x0 c:/winavr-20070525rc2/bin/../lib/gcc/avr/4.1.2\libgcc.a(_copy_data.o)
 .data          0x00800060        0x0 c:/winavr-20070525rc2/bin/../lib/gcc/avr/4.1.2\libgcc.a(_clear_bss.o)
 .data          0x00800060        0x0 c:/winavr-20070525rc2/bin/../lib/gcc/avr/4.1.2/../../../../avr/lib\libc.a(ee_rb.1C1D1E.o)
 *(.data*)
 *(.rodata)
 *(.rodata*)
 *(.gnu.linkonce.d*)
                0x00800060                . = ALIGN (0x2)
                0x00800060                _edata = .
                0x00800060                PROVIDE (__data_end, .)

.bss            0x00800060       0x30
                0x00800060                PROVIDE (__bss_start, .)
 *(.bss)
 .bss           0x00800060        0x0 c:/winavr-20070525rc2/bin/../lib/gcc/avr/4.1.2/../../../../avr/lib/crttn24.o
 .bss           0x00800060       0x16 solar.o
 .bss           0x00800076        0x0 c:/winavr-20070525rc2/bin/../lib/gcc/avr/4.1.2\libgcc.a(_mulhi3.o)
 .bss           0x00800076        0x0 c:/winavr-20070525rc2/bin/../lib/gcc/avr/4.1.2\libgcc.a(_exit.o)
 .bss           0x00800076        0x0 c:/winavr-20070525rc2/bin/../lib/gcc/avr/4.1.2\libgcc.a(_copy_data.o)
 .bss           0x00800076        0x0 c:/winavr-20070525rc2/bin/../lib/gcc/avr/4.1.2\libgcc.a(_clear_bss.o)
 .bss           0x00800076        0x0 c:/winavr-20070525rc2/bin/../lib/gcc/avr/4.1.2/../../../../avr/lib\libc.a(ee_rb.1C1D1E.o)
 *(.bss*)
 *(COMMON)
 COMMON         0x00800076       0x1a solar.o
                0x00800076                adc1_vbatt
                0x00800078                Xv
                0x00800079                adcsequence
                0x0080007a                Xp
                0x0080007b                adc2_isense
                0x0080007d                adc3_vsolar
                0x0080007f                powernew
                0x00800081                powerold
                0x00800083                sysstate
                0x00800084                ioffset
                0x00800086                uptime
                0x00800088                battstate
                0x00800089                subs
                0x0080008a                adc3_vsolarold
                0x0080008c                systimeout
                0x0080008e                solarstate
                0x0080008f                dcmax
                0x00800090                PROVIDE (__bss_end, .)
                0x00000688                __data_load_start = LOADADDR (.data)
                0x00000688                __data_load_end = (__data_load_start + SIZEOF (.data))

.noinit         0x00800090        0x0
                0x00800090                PROVIDE (__noinit_start, .)
 *(.noinit*)
                0x00800090                PROVIDE (__noinit_end, .)
                0x00800090                _end = .
                0x00800090                PROVIDE (__heap_start, .)

.eeprom         0x00810000        0x1
 *(.eeprom*)
 .eeprom        0x00810000        0x1 solar.o
                0x00810000                EE_slaveAddress
                0x00810001                __eeprom_end = .

.stab           0x00000000      0x360
 *(.stab)
 .stab          0x00000000      0x360 c:/winavr-20070525rc2/bin/../lib/gcc/avr/4.1.2/../../../../avr/lib/crttn24.o

.stabstr        0x00000000       0x71
 *(.stabstr)
 .stabstr       0x00000000       0x71 c:/winavr-20070525rc2/bin/../lib/gcc/avr/4.1.2/../../../../avr/lib/crttn24.o

.stab.excl
 *(.stab.excl)

.stab.exclstr
 *(.stab.exclstr)

.stab.index
 *(.stab.index)

.stab.indexstr
 *(.stab.indexstr)

.comment
 *(.comment)

.debug
 *(.debug)

.line
 *(.line)

.debug_srcinfo
 *(.debug_srcinfo)

.debug_sfnames
 *(.debug_sfnames)

.debug_aranges  0x00000000       0x20
 *(.debug_aranges)
 .debug_aranges
                0x00000000       0x20 solar.o

.debug_pubnames
                0x00000000      0x1f4
 *(.debug_pubnames)
 .debug_pubnames
                0x00000000      0x1f4 solar.o

.debug_info     0x00000000      0x4dd
 *(.debug_info)
 .debug_info    0x00000000      0x4dd solar.o
 *(.gnu.linkonce.wi.*)

.debug_abbrev   0x00000000      0x1fb
 *(.debug_abbrev)
 .debug_abbrev  0x00000000      0x1fb solar.o

.debug_line     0x00000000      0x78f
 *(.debug_line)
 .debug_line    0x00000000      0x78f solar.o

.debug_frame    0x00000000       0xd0
 *(.debug_frame)
 .debug_frame   0x00000000       0xd0 solar.o

.debug_str      0x00000000      0x2df
 *(.debug_str)
 .debug_str     0x00000000      0x2df solar.o
                                0x31a (size before relaxing)

.debug_loc      0x00000000      0x12b
 *(.debug_loc)
 .debug_loc     0x00000000      0x12b solar.o

.debug_macinfo
 *(.debug_macinfo)
OUTPUT(solar.elf elf32-avr)
LOAD linker stubs
